[INFO ] 2026-01-20 09:33:37.515 [main] Log - I am in onStart method Test
[INFO ] 2026-01-20 09:35:05.641 [main] Log - Search test is succeed.
[INFO ] 2026-01-20 09:36:06.496 [main] Log - Search test is succeed.
[INFO ] 2026-01-20 09:37:06.073 [main] Log - Search test is succeed.
[INFO ] 2026-01-20 09:38:11.015 [main] Log - Search test is failed.
[INFO ] 2026-01-20 09:39:07.561 [main] Log - Search test is failed.
[INFO ] 2026-01-20 09:40:07.116 [main] Log - Search test is succeed.
[INFO ] 2026-01-20 09:41:06.768 [main] Log - Search test is succeed.
[INFO ] 2026-01-20 09:42:03.424 [main] Log - Search test is failed.
[INFO ] 2026-01-20 09:43:02.878 [main] Log - Search test is succeed.
[INFO ] 2026-01-20 09:43:59.038 [main] Log - Search_BookMedicalService test is failed.
[INFO ] 2026-01-20 09:47:06.281 [main] Log - Search_PurchaseProduct test is succeed.
[INFO ] 2026-01-20 09:47:52.094 [main] Log - Search_BookDoctorAppointment_HospitalsAndClinic test is failed.
[INFO ] 2026-01-20 09:49:30.532 [main] Log - Search_BookDoctorAppointment_HospitalsAndClinic test is failed.
[INFO ] 2026-01-20 09:50:16.343 [main] Log - Search_BookDoctorAppointment_HospitalsAndClinic test is failed.
[INFO ] 2026-01-20 09:51:57.435 [main] Log - SearchError test is succeed.
[INFO ] 2026-01-20 09:52:59.660 [main] Log - appointment test is succeed.
[INFO ] 2026-01-20 09:58:14.454 [main] Log - favorites test is succeed.
[INFO ] 2026-01-20 09:59:19.081 [main] Log - ePrescription test is succeed.
[INFO ] 2026-01-20 10:00:40.672 [main] Log - profile test is succeed.
[INFO ] 2026-01-20 10:00:41.692 [main] Log - I am in onFinish method Test
[INFO ] 2026-01-20 10:23:26.684 [main] Log - I am in onStart method Test
[INFO ] 2026-01-20 10:24:52.109 [main] Log - Search test is succeed.
[INFO ] 2026-01-20 10:25:52.421 [main] Log - Search test is succeed.
[INFO ] 2026-01-20 10:26:52.024 [main] Log - Search test is succeed.
[INFO ] 2026-01-20 10:29:48.433 [main] Log - Search_BookMedicalService test is succeed.
[INFO ] 2026-01-20 10:33:40.180 [main] Log - Search_BookDoctorAppointment_HospitalsAndClinic test is succeed.
[INFO ] 2026-01-20 10:36:48.664 [main] Log - Search_BookDoctorAppointment_HospitalsAndClinic test is succeed.
[INFO ] 2026-01-20 10:40:38.345 [main] Log - Search_BookDoctorAppointment_HospitalsAndClinic test is succeed.
[INFO ] 2026-01-20 10:40:39.516 [main] Log - I am in onFinish method Test
[INFO ] 2026-01-20 10:45:36.053 [main] Log - I am in onStart method Test
[INFO ] 2026-01-20 10:47:54.001 [main] Log - BookingAppointment_Cash test is succeed.
[INFO ] 2026-01-20 10:49:55.251 [main] Log - BookingAppointment_Wallet test is succeed.
[INFO ] 2026-01-20 10:53:14.101 [main] Log - BookingAppointment_VISA test is succeed.
[INFO ] 2026-01-20 10:55:51.987 [main] Log - BookingAppointment_KNET test is succeed.
[INFO ] 2026-01-20 10:58:29.515 [main] Log - BookingAppointment_KNET test is succeed.
[INFO ] 2026-01-20 11:01:04.155 [main] Log - BookingAppointment_CANCELLATION test is succeed.
[INFO ] 2026-01-20 11:04:55.777 [main] Log - BookingAppointment_VISA_CANCELLATION test is succeed.
[INFO ] 2026-01-20 11:08:51.934 [main] Log - BookingAppointment_VISA_CANCELLATION test is succeed.
[INFO ] 2026-01-20 11:12:02.769 [main] Log - BookingAppointment_KNET_CANCELLATION test is succeed.
[INFO ] 2026-01-20 11:15:19.482 [main] Log - BookingAppointment_KNET_CANCELLATION test is succeed.
[INFO ] 2026-01-20 11:17:46.478 [main] Log - BookingAppointment_Reschedule test is succeed.
[INFO ] 2026-01-20 11:20:09.473 [main] Log - BookingAppointment_Reschedule test is succeed.
[INFO ] 2026-01-20 11:33:46.004 [main] Log - I am in onStart method Test
[INFO ] 2026-01-20 11:37:02.444 [main] Log - BookingAppointment_Reschedule test is succeed.
[INFO ] 2026-01-20 11:40:43.349 [main] Log - BookingAppointment_Reschedule test is succeed.
[INFO ] 2026-01-20 11:41:28.822 [main] Log - BookingAppointment_FromSymptom test is failed.
[INFO ] 2026-01-20 11:42:10.898 [main] Log - FindDoctor_FilterFromMainPage test is failed.
[INFO ] 2026-01-20 11:42:52.941 [main] Log - FindDoctor_FilterFromMainPage test is failed.
[INFO ] 2026-01-20 11:43:34.438 [main] Log - FindDoctor_FilterFromMainPage test is failed.
[INFO ] 2026-01-20 11:44:16.285 [main] Log - FindDoctor_FilterFromMainPage test is failed.
[INFO ] 2026-01-20 11:44:58.497 [main] Log - FindDoctor_FilterFromMainPage test is failed.
[INFO ] 2026-01-20 11:45:40.122 [main] Log - FindDoctor_FilterFromMainPage test is failed.
[INFO ] 2026-01-20 11:46:21.768 [main] Log - FindDoctor_FilterFromMainPage test is failed.
[INFO ] 2026-01-20 11:47:03.171 [main] Log - FindDoctor_FilterFromMainPage test is failed.
[INFO ] 2026-01-20 11:47:45.106 [main] Log - FindDoctor_FilterFromMainPage test is failed.
[INFO ] 2026-01-20 11:48:26.818 [main] Log - FindDoctor_FilterFromMainPage test is failed.
[INFO ] 2026-01-20 11:49:11.072 [main] Log - UploadPrescription test is failed.
[INFO ] 2026-01-20 11:49:12.805 [main] Log - I am in onFinish method Test
[INFO ] 2026-01-20 11:52:28.087 [main] Log - I am in onStart method Test
[INFO ] 2026-01-20 11:53:29.422 [main] Log - BookingAppointment_FromSymptom test is failed.
[INFO ] 2026-01-20 11:55:01.511 [main] Log - I am in onStart method Test
[INFO ] 2026-01-20 11:58:24.691 [main] Log - BookingAppointment_FromSymptom test is succeed.
[INFO ] 2026-01-20 12:00:47.436 [main] Log - FindDoctor_FilterFromMainPage test is failed.
[INFO ] 2026-01-20 12:03:45.773 [main] Log - FindDoctor_FilterFromMainPage test is failed.
[INFO ] 2026-01-20 12:06:59.307 [main] Log - FindDoctor_FilterFromMainPage test is failed.
[INFO ] 2026-01-20 12:09:44.459 [main] Log - FindDoctor_FilterFromMainPage test is failed.
[INFO ] 2026-01-20 12:15:54.478 [main] Log - I am in onStart method Test
[INFO ] 2026-01-20 12:18:29.655 [main] Log - FindDoctor_FilterFromMainPage test is failed.
[INFO ] 2026-01-20 12:22:02.950 [main] Log - I am in onStart method Test
[INFO ] 2026-01-20 12:24:32.886 [main] Log - FindDoctor_FilterFromMainPage test is succeed.
[INFO ] 2026-01-20 12:26:41.148 [main] Log - FindDoctor_FilterFromMainPage test is succeed.
[INFO ] 2026-01-20 12:29:02.721 [main] Log - FindDoctor_FilterFromMainPage test is failed.
[INFO ] 2026-01-20 12:37:10.004 [main] Log - I am in onStart method Test
[INFO ] 2026-01-20 12:39:37.984 [main] Log - FindDoctor_FilterFromMainPage test is succeed.
[INFO ] 2026-01-20 12:41:29.392 [main] Log - FindDoctor_FilterFromMainPage test is succeed.
[INFO ] 2026-01-20 12:43:19.770 [main] Log - FindDoctor_FilterFromMainPage test is succeed.
[INFO ] 2026-01-20 12:45:15.713 [main] Log - FindDoctor_FilterFromMainPage test is succeed.
[INFO ] 2026-01-20 12:47:06.909 [main] Log - FindDoctor_FilterFromMainPage test is succeed.
[INFO ] 2026-01-20 12:48:56.738 [main] Log - FindDoctor_FilterFromMainPage test is succeed.
[INFO ] 2026-01-20 12:50:47.108 [main] Log - FindDoctor_FilterFromMainPage test is succeed.
[INFO ] 2026-01-20 12:52:40.898 [main] Log - FindDoctor_FilterFromMainPage test is failed.
[INFO ] 2026-01-20 12:58:55.689 [main] Log - I am in onStart method Test
[INFO ] 2026-01-20 13:01:12.612 [main] Log - FindDoctor_FilterFromMainPage test is failed.
[INFO ] 2026-01-20 13:13:50.891 [main] Log - I am in onStart method Test
[INFO ] 2026-01-20 13:19:28.603 [main] Log - I am in onStart method Test
[INFO ] 2026-01-20 13:29:25.532 [main] Log - I am in onStart method Test
[INFO ] 2026-01-20 13:31:40.659 [main] Log - I am in onStart method Test
[INFO ] 2026-01-20 13:36:37.520 [main] Log - I am in onStart method Test
[INFO ] 2026-01-20 13:41:35.399 [main] Log - I am in onStart method Test
[INFO ] 2026-01-20 13:49:21.495 [main] Log - I am in onStart method Test
[INFO ] 2026-01-20 13:55:40.486 [main] Log - I am in onStart method Test
[INFO ] 2026-01-20 13:59:45.924 [main] Log - I am in onStart method Test
[INFO ] 2026-01-20 14:10:57.756 [main] Log - I am in onStart method Test
[INFO ] 2026-01-20 14:16:03.335 [main] Log - UploadPrescription test is succeed.
[INFO ] 2026-01-20 14:16:04.901 [main] Log - I am in onFinish method Test
[INFO ] 2026-01-20 14:26:15.272 [main] Log - I am in onStart method Test
[INFO ] 2026-01-20 14:28:09.123 [main] Log - I am in onStart method Test
[INFO ] 2026-01-20 14:28:48.999 [main] Log - I am in onFinish method Test
[INFO ] 2026-01-20 14:29:25.118 [main] Log - I am in onStart method Test
[INFO ] 2026-01-20 14:31:53.086 [main] Log - I am in onStart method Test
[INFO ] 2026-01-20 14:37:12.728 [main] Log - UploadPrescription test is succeed.
[INFO ] 2026-01-20 14:37:14.349 [main] Log - I am in onFinish method Test
