[INFO ] 2026-01-22 08:45:29.453 [main] Log - I am in onStart method Test
[INFO ] 2026-01-22 08:48:16.375 [main] Log - I am in onStart method Test
[INFO ] 2026-01-22 08:53:43.062 [main] Log - Admin_OriginalAndDiscountAmount_Lab test is succeed.
[INFO ] 2026-01-22 08:58:46.004 [main] Log - Admin_OriginalAndDiscountAmount_Lab test is succeed.
[INFO ] 2026-01-22 09:00:05.311 [main] Log - Admin_CreatePromotion_Doctor test is succeed.
[INFO ] 2026-01-22 09:05:49.838 [main] Log - Admin_OriginalAndDiscountAmount_Pharmacy test is succeed.
[INFO ] 2026-01-22 09:07:07.268 [main] Log - Admin_CreatePromotion_Brand test is succeed.
[INFO ] 2026-01-22 09:07:08.699 [main] Log - I am in onFinish method Test
[INFO ] 2026-01-22 09:09:05.276 [main] Log - I am in onStart method Test
[INFO ] 2026-01-22 09:11:13.646 [main] Log - Admin_OrderWithPromotion_Pharmacy test is failed.
[INFO ] 2026-01-22 09:12:17.092 [main] Log - Admin_OrderWithPromotion_Pharmacy test is failed.
[INFO ] 2026-01-22 09:12:18.455 [main] Log - I am in onFinish method Test
[INFO ] 2026-01-22 09:13:33.178 [main] Log - I am in onStart method Test
[INFO ] 2026-01-22 09:16:52.178 [main] Log - AdminDoctorAppointment_Start test is succeed.
[INFO ] 2026-01-22 09:19:59.745 [main] Log - AdminDoctorAppointment_Reschedule test is succeed.
[INFO ] 2026-01-22 09:23:48.796 [main] Log - AdminDoctorAppointment_UploadResult_Complete test is succeed.
[INFO ] 2026-01-22 09:27:03.681 [main] Log - AdminDoctorAppointment_AddDiagnosticNotes test is succeed.
[INFO ] 2026-01-22 09:31:50.991 [main] Log - AdminDoctorAppointment_Cancel_VISA test is succeed.
[INFO ] 2026-01-22 09:35:00.751 [main] Log - AdminDoctorAppointment_Cancel_VISA test is failed.
[INFO ] 2026-01-22 09:39:45.441 [main] Log - AdminDoctorAppointment_Cancel_KNET test is succeed.
[INFO ] 2026-01-22 09:42:16.472 [main] Log - AdminDoctorAppointment_Cancel_KNET test is failed.
[INFO ] 2026-01-22 09:46:16.694 [main] Log - AdminDoctorAppointment_FollowUpAppointment test is succeed.
[INFO ] 2026-01-22 09:51:15.624 [main] Log - AdminDoctorAppointment_PrescribeMedicine test is succeed.
[INFO ] 2026-01-22 09:56:03.639 [main] Log - AdminDoctorAppointment_ConductTest test is succeed.
[INFO ] 2026-01-22 09:59:32.206 [main] Log - AdminDoctorAppointment_EHRPermissions test is succeed.
[INFO ] 2026-01-22 09:59:34.998 [main] Log - I am in onFinish method Test
[INFO ] 2026-01-22 10:02:39.882 [main] Log - I am in onStart method Test
[INFO ] 2026-01-22 10:07:54.146 [main] Log - AdminDoctorAppointment_ConductTest test is succeed.
[INFO ] 2026-01-22 10:11:12.656 [main] Log - AdminDoctorAppointment_EHRPermissions test is succeed.
[INFO ] 2026-01-22 10:18:56.953 [main] Log - AdminDoctorAppointment_REFERRAL_DOCTOR_To_LAB test is succeed.
[INFO ] 2026-01-22 10:27:44.833 [main] Log - AdminDoctorAppointment_REFERRAL_DOCTOR_To_LAB test is succeed.
[INFO ] 2026-01-22 10:37:55.809 [main] Log - AdminDoctorAppointment_REFERRAL_DOCTOR_To_LAB test is succeed.
[INFO ] 2026-01-22 10:46:39.879 [main] Log - AdminDoctorAppointment_REFERRAL_DOCTOR_To_LAB test is succeed.
[INFO ] 2026-01-22 10:51:09.605 [main] Log - AdminDoctorAppointment_REFERRAL_SALAMTEK_To_LAB test is succeed.
[INFO ] 2026-01-22 10:55:48.856 [main] Log - AdminDoctorAppointment_REFERRAL_SALAMTEK_To_LAB test is succeed.
[INFO ] 2026-01-22 11:03:03.613 [main] Log - AdminDoctorAppointment_REFERRAL_DOCTOR_To_PHARMACY test is succeed.
[INFO ] 2026-01-22 11:11:25.265 [main] Log - AdminDoctorAppointment_REFERRAL_DOCTOR_To_PHARMACY test is succeed.
[INFO ] 2026-01-22 11:17:18.399 [main] Log - AdminDoctorAppointment_REFERRAL_DOCTOR_To_PHARMACY test is failed.
[INFO ] 2026-01-22 11:56:31.600 [main] Log - I am in onStart method Test
[INFO ] 2026-01-22 12:05:43.290 [main] Log - AdminDoctorAppointment_REFERRAL_DOCTOR_To_LAB test is succeed.
[INFO ] 2026-01-22 12:15:28.054 [main] Log - AdminDoctorAppointment_REFERRAL_DOCTOR_To_PHARMACY test is succeed.
[INFO ] 2026-01-22 12:23:54.943 [main] Log - AdminDoctorAppointment_REFERRAL_DOCTOR_To_PHARMACY test is succeed.
[INFO ] 2026-01-22 12:29:08.969 [main] Log - AdminDoctorAppointment_REFERRAL_SALAMTEK_To_PHARMACY test is succeed.
[INFO ] 2026-01-22 12:30:23.604 [main] Log - AdminDoctorAppointment_REFERRAL_SALAMTEK_To_PHARMACY test is failed.
[INFO ] 2026-01-22 12:34:54.105 [main] Log - AdminDoctorAppointment_REFERRAL_SALAMTEK_To_DOCTOR test is succeed.
[INFO ] 2026-01-22 12:38:42.556 [main] Log - AdminDoctorAppointment_REFERRAL_SALAMTEK_To_DOCTOR test is succeed.
[INFO ] 2026-01-22 12:41:51.282 [main] Log - AdminDoctorAppointment_CashReceived test is failed.
[INFO ] 2026-01-22 12:41:53.833 [main] Log - I am in onFinish method Test
[INFO ] 2026-01-22 12:46:14.490 [main] Log - I am in onStart method Test
[INFO ] 2026-01-22 12:50:45.725 [main] Log - AdminDoctorAppointment_REFERRAL_SALAMTEK_To_LAB test is failed.
[INFO ] 2026-01-22 12:52:06.464 [main] Log - AdminDoctorAppointment_REFERRAL_SALAMTEK_To_PHARMACY test is failed.
[INFO ] 2026-01-22 12:52:09.357 [main] Log - I am in onFinish method Test
[INFO ] 2026-01-22 14:26:48.142 [main] Log - I am in onStart method Test
[INFO ] 2026-01-22 14:34:12.654 [main] Log - AdminOrder_StatusChange test is succeed.
[INFO ] 2026-01-22 14:42:49.496 [main] Log - AdminOrder_StatusChange test is succeed.
[INFO ] 2026-01-22 14:49:20.550 [main] Log - AdminOrder_StatusChange test is succeed.
[INFO ] 2026-01-22 14:54:54.446 [main] Log - AdminOrder_Insurance test is succeed.
[INFO ] 2026-01-22 15:00:41.480 [main] Log - AdminOrder_Insurance test is succeed.
[INFO ] 2026-01-22 15:07:16.714 [main] Log - AdminOrder_Insurance_DocumentsVerification test is succeed.
[INFO ] 2026-01-22 15:13:32.606 [main] Log - AdminOrder_Cancel test is succeed.
[INFO ] 2026-01-22 15:18:21.205 [main] Log - AdminOrder_AddItem test is failed.
[INFO ] 2026-01-22 15:23:40.250 [main] Log - AdminOrder_Cancel_Promotion test is failed.
[INFO ] 2026-01-22 15:24:46.810 [main] Log - AdminOrder_CashReceived test is failed.
[INFO ] 2026-01-22 15:25:53.129 [main] Log - AdminOrder_PaymentInfo test is failed.
[INFO ] 2026-01-22 15:27:01.533 [main] Log - AdminOrder_OrderSummary test is failed.
[INFO ] 2026-01-22 15:27:03.804 [main] Log - I am in onFinish method Test
