[INFO ] 2026-01-21 08:43:11.931 [main] Log - I am in onStart method Test
[INFO ] 2026-01-21 08:44:52.244 [main] Log - HospitalsAndClinics_FilterFromMainPage test is succeed.
[INFO ] 2026-01-21 08:45:35.604 [main] Log - HospitalsAndClinics_FilterFromMainPage test is failed.
[INFO ] 2026-01-21 08:47:41.011 [main] Log - HospitalsAndClinics_FilterFromMainPage test is succeed.
[INFO ] 2026-01-21 08:48:23.913 [main] Log - HospitalsAndClinics_FilterFromMainPage test is failed.
[INFO ] 2026-01-21 08:51:47.623 [main] Log - BookingMedicalAppointment_Profile_Cash test is succeed.
[INFO ] 2026-01-21 08:54:25.724 [main] Log - BookingMedicalAppointment_Profile_Wallet test is succeed.
[INFO ] 2026-01-21 08:57:08.087 [main] Log - BookingMedicalAppointment_Individual_Cash test is succeed.
[INFO ] 2026-01-21 08:59:46.232 [main] Log - BookingMedicalAppointment_Individual_Wallet test is succeed.
[INFO ] 2026-01-21 09:03:42.792 [main] Log - BookingMedicalAppointment_Profile_VISA test is succeed.
[INFO ] 2026-01-21 09:07:36.623 [main] Log - BookingMedicalAppointment_Individual_VISA test is succeed.
[INFO ] 2026-01-21 09:10:51.985 [main] Log - BookingMedicalAppointment_Profile_KNET test is succeed.
[INFO ] 2026-01-21 09:14:07.708 [main] Log - BookingMedicalAppointment_Individual_KNET test is succeed.
[INFO ] 2026-01-21 09:18:35.782 [main] Log - BookingMedicalAppointment_Profile_VISA_CANCELLATION test is succeed.
[INFO ] 2026-01-21 09:22:23.951 [main] Log - BookingMedicalAppointment_Profile_KNET_CANCELLATION test is succeed.
[INFO ] 2026-01-21 09:25:35.312 [main] Log - BookingMedicalAppointment_CANCELLATION test is succeed.
[INFO ] 2026-01-21 09:30:02.313 [main] Log - BookingMedicalAppointment_Individual_VISA_CANCELLATION test is succeed.
[INFO ] 2026-01-21 09:33:49.895 [main] Log - BookingMedicalAppointment_Individual_KNET_CANCELLATION test is succeed.
[INFO ] 2026-01-21 09:36:44.473 [main] Log - BookingMedicalAppointment_Reschedule test is succeed.
[INFO ] 2026-01-21 09:39:34.634 [main] Log - BookingMedicalAppointment_Reschedule test is succeed.
[INFO ] 2026-01-21 09:43:03.135 [main] Log - BookingMedicalAppointment_Reschedule test is succeed.
[INFO ] 2026-01-21 09:47:10.134 [main] Log - BookingMedicalAppointment_Reschedule test is succeed.
[INFO ] 2026-01-21 09:48:38.297 [main] Log - BookingMedicalAppointment_FilterFromMainPage test is succeed.
[INFO ] 2026-01-21 09:50:21.259 [main] Log - BookingMedicalAppointment_FilterFromMainPage test is failed.
[INFO ] 2026-01-21 09:52:31.517 [main] Log - BookingMedicalAppointment_FilterFromMainPage test is succeed.
[INFO ] 2026-01-21 09:53:56.393 [main] Log - BookingMedicalAppointment_FilterFromMainPage test is succeed.
[INFO ] 2026-01-21 09:55:42.511 [main] Log - BookingMedicalAppointment_FilterFromHomePage test is succeed.
[INFO ] 2026-01-21 09:57:27.893 [main] Log - BookingMedicalAppointment_FilterFromHomePage test is succeed.
[INFO ] 2026-01-21 09:58:52.483 [main] Log - BookingMedicalAppointment_FilterFromHomePage test is failed.
[INFO ] 2026-01-21 10:01:17.542 [main] Log - BookingMedicalAppointment_FilterFromHomePage test is succeed.
[INFO ] 2026-01-21 10:04:33.016 [main] Log - BookingMedicalAppointment_WalkIn test is succeed.
[INFO ] 2026-01-21 10:07:59.065 [main] Log - ShopOnline_Pharmacy_CASH test is succeed.
[INFO ] 2026-01-21 10:08:03.038 [main] Log - I am in onFinish method Test
[INFO ] 2026-01-21 10:35:04.043 [main] Log - I am in onStart method Test
[INFO ] 2026-01-21 10:36:44.721 [main] Log - HospitalsAndClinics_FilterFromMainPage test is succeed.
[INFO ] 2026-01-21 10:37:28.265 [main] Log - HospitalsAndClinics_FilterFromMainPage test is failed.
[INFO ] 2026-01-21 10:44:13.352 [main] Log - I am in onStart method Test
[INFO ] 2026-01-21 10:45:53.103 [main] Log - HospitalsAndClinics_FilterFromMainPage test is succeed.
[INFO ] 2026-01-21 10:47:23.544 [main] Log - BookingMedicalAppointment_FilterFromMainPage test is succeed.
[INFO ] 2026-01-21 10:50:50.025 [main] Log - ShopOnline_Pharmacy_CASH test is succeed.
[INFO ] 2026-01-21 10:50:54.400 [main] Log - I am in onFinish method Test
[INFO ] 2026-01-21 11:09:28.748 [main] Log - I am in onStart method Test
[INFO ] 2026-01-21 11:12:08.519 [main] Log - ShopOnline_Pharmacy_WALLET test is failed.
[INFO ] 2026-01-21 11:13:35.566 [main] Log - ShopOnline_Pharmacy_VISA test is failed.
[INFO ] 2026-01-21 11:17:51.287 [main] Log - ShopOnline_Pharmacy_KNET test is succeed.
[INFO ] 2026-01-21 11:23:23.889 [main] Log - ShopOnline_Pharmacy_VISA_Cancellation test is succeed.
[INFO ] 2026-01-21 11:27:59.723 [main] Log - ShopOnline_Pharmacy_KNET_Cancellation test is succeed.
[INFO ] 2026-01-21 11:33:32.366 [main] Log - ShopOnline_Pharmacy_View_Track_Cancel test is succeed.
[INFO ] 2026-01-21 11:37:43.268 [main] Log - ShopOnline_MedicalEquipment test is succeed.
[INFO ] 2026-01-21 11:42:33.700 [main] Log - ShopOnline_MedicalEquipment test is succeed.
[INFO ] 2026-01-21 11:46:37.281 [main] Log - ShopOnline_Pharmacy_WALLET_Cancellation test is succeed.
[INFO ] 2026-01-21 11:50:04.357 [main] Log - ShopOnline_PurchaseFromHome test is succeed.
[INFO ] 2026-01-21 11:51:34.173 [main] Log - ShopOnline_PurchaseFromHome test is failed.
[INFO ] 2026-01-21 11:56:23.476 [main] Log - ShopOnline_PurchaseFromShopOnlineMain test is succeed.
[INFO ] 2026-01-21 12:00:10.126 [main] Log - ShopOnline_PurchaseFromShopOnlineMain test is succeed.
[INFO ] 2026-01-21 12:01:52.829 [main] Log - ShopOnline_FilterFromHome test is succeed.
[INFO ] 2026-01-21 12:03:35.019 [main] Log - ShopOnline_FilterFromHome test is succeed.
[INFO ] 2026-01-21 12:05:29.160 [main] Log - ShopOnline_FilterFromHome test is failed.
[INFO ] 2026-01-21 12:07:54.094 [main] Log - ShopOnline_FilterFromHome test is succeed.
[INFO ] 2026-01-21 12:09:36.306 [main] Log - ShopOnline_FilterFromHome test is succeed.
[INFO ] 2026-01-21 12:11:19.062 [main] Log - ShopOnline_FilterFromHome test is succeed.
[INFO ] 2026-01-21 12:13:01.351 [main] Log - ShopOnline_FilterFromHome test is succeed.
[INFO ] 2026-01-21 12:14:55.631 [main] Log - ShopOnline_FilterFromHome test is failed.
[INFO ] 2026-01-21 12:17:31.794 [main] Log - ShopOnline_FilterFromHome test is failed.
[INFO ] 2026-01-21 12:19:56.154 [main] Log - ShopOnline_FilterFromHome test is succeed.
[INFO ] 2026-01-21 12:21:38.329 [main] Log - ShopOnline_FilterFromHome test is succeed.
[INFO ] 2026-01-21 12:23:36.716 [main] Log - ShopOnline_FilterFromHome test is succeed.
[INFO ] 2026-01-21 12:25:35.631 [main] Log - ShopOnline_FilterFromHome test is succeed.
[INFO ] 2026-01-21 12:27:34.037 [main] Log - ShopOnline_FilterFromHome test is succeed.
[INFO ] 2026-01-21 12:27:39.761 [main] Log - I am in onFinish method Test
[INFO ] 2026-01-21 13:02:20.600 [main] Log - I am in onStart method Test
[INFO ] 2026-01-21 13:06:03.197 [main] Log - ShopOnline_Pharmacy_WALLET test is succeed.
[INFO ] 2026-01-21 13:10:44.944 [main] Log - ShopOnline_Pharmacy_VISA test is succeed.
[INFO ] 2026-01-21 13:14:17.870 [main] Log - ShopOnline_PurchaseFromHome test is succeed.
[INFO ] 2026-01-21 13:16:00.617 [main] Log - ShopOnline_FilterFromHome test is succeed.
[INFO ] 2026-01-21 13:17:42.955 [main] Log - ShopOnline_FilterFromHome test is succeed.
[INFO ] 2026-01-21 13:19:36.683 [main] Log - ShopOnline_FilterFromHome test is failed.
[INFO ] 2026-01-21 13:19:40.151 [main] Log - I am in onFinish method Test
[INFO ] 2026-01-21 13:22:33.159 [main] Log - I am in onStart method Test
[INFO ] 2026-01-21 13:24:32.272 [main] Log - ShopOnline_FilterFromHome test is succeed.
[INFO ] 2026-01-21 13:24:36.102 [main] Log - I am in onFinish method Test
[INFO ] 2026-01-21 13:40:37.646 [main] Log - I am in onStart method Test
[INFO ] 2026-01-21 13:42:25.130 [main] Log - DoctorCorner_DoctorShelves_FilterFromMainPage test is succeed.
[INFO ] 2026-01-21 13:43:40.711 [main] Log - DoctorCorner_DoctorPicks_FilterFromHomeage test is succeed.
[INFO ] 2026-01-21 13:44:55.455 [main] Log - DoctorCorner_DoctorPicks_FilterFromHomeage test is succeed.
[INFO ] 2026-01-21 13:46:10.179 [main] Log - DoctorCorner_DoctorPicks_FilterFromHomeage test is succeed.
[INFO ] 2026-01-21 13:47:27.037 [main] Log - DoctorCorner_DoctorPicks_FilterFromHomeage test is succeed.
[INFO ] 2026-01-21 13:48:41.560 [main] Log - DoctorCorner_DoctorPicks_FilterFromHomeage test is succeed.
[INFO ] 2026-01-21 13:52:16.729 [main] Log - DoctorCorner_ProductPurchase test is succeed.
[INFO ] 2026-01-21 13:56:25.481 [main] Log - DoctorCorner_ProductPurchase test is succeed.
[INFO ] 2026-01-21 13:59:51.336 [main] Log - DoctorCorner_ProductPurchase test is succeed.
[INFO ] 2026-01-21 14:04:27.874 [main] Log - DoctorCorner_ProductPurchase test is succeed.
[INFO ] 2026-01-21 14:07:32.934 [main] Log - DoctorCorner_ProductPurchase test is succeed.
[INFO ] 2026-01-21 14:11:53.409 [main] Log - DoctorCorner_ProductPurchase test is succeed.
[INFO ] 2026-01-21 14:16:01.524 [main] Log - DoctorCorner_ProductPurchase test is succeed.
[INFO ] 2026-01-21 14:16:05.064 [main] Log - I am in onFinish method Test
[INFO ] 2026-01-21 14:18:51.208 [main] Log - I am in onStart method Test
[INFO ] 2026-01-21 14:21:36.473 [main] Log - Offer_MedicalService test is succeed.
[INFO ] 2026-01-21 14:24:37.307 [main] Log - Offer_MedicalService test is succeed.
[INFO ] 2026-01-21 14:28:18.530 [main] Log - Offer_MedicalService test is succeed.
[INFO ] 2026-01-21 14:29:30.614 [main] Log - Offer_Category test is succeed.
[INFO ] 2026-01-21 14:30:46.224 [main] Log - Offer_Search test is succeed.
[INFO ] 2026-01-21 14:31:51.915 [main] Log - Admin_Report_AccountStatement test is succeed.
[INFO ] 2026-01-21 14:35:58.922 [main] Log - Admin_BookWithPromotion_Doctor test is succeed.
[INFO ] 2026-01-21 14:41:26.906 [main] Log - Admin_BookWithPromotion_Lab test is succeed.
[INFO ] 2026-01-21 14:43:22.437 [main] Log - I am in onStart method Test
[INFO ] 2026-01-21 14:48:34.478 [main] Log - AdminLabAppointment_UploadResult_Complete test is succeed.
[INFO ] 2026-01-21 14:54:29.698 [main] Log - AdminLabAppointment_Cancel_VISA test is succeed.
[INFO ] 2026-01-21 15:01:19.430 [main] Log - AdminLabAppointment_Insurance test is succeed.
[INFO ] 2026-01-21 15:07:13.880 [main] Log - AdminLabAppointment_Insurance test is succeed.
[INFO ] 2026-01-21 15:12:28.378 [main] Log - AdminLabAppointment_Cancel_KNET test is succeed.
[INFO ] 2026-01-21 15:14:10.563 [main] Log - AdminLabAppointment_CreateWalkIn test is succeed.
[INFO ] 2026-01-21 15:16:02.150 [main] Log - AdminLabAppointment_CreateAppointment test is succeed.
[INFO ] 2026-01-21 15:17:07.962 [main] Log - AdminDoctorAppointment_Start test is failed.
[INFO ] 2026-01-21 15:18:14.077 [main] Log - AdminDoctorAppointment_Reschedule test is failed.
[INFO ] 2026-01-21 15:19:20.088 [main] Log - AdminDoctorAppointment_UploadResult_Complete test is failed.
[INFO ] 2026-01-21 15:20:26.019 [main] Log - AdminDoctorAppointment_AddDiagnosticNotes test is failed.
[INFO ] 2026-01-21 15:21:39.403 [main] Log - AdminDoctorAppointment_Cancel_VISA test is failed.
[INFO ] 2026-01-21 15:22:45.343 [main] Log - AdminDoctorAppointment_Cancel_VISA test is failed.
[INFO ] 2026-01-21 15:23:51.365 [main] Log - AdminDoctorAppointment_Cancel_KNET test is failed.
[INFO ] 2026-01-21 15:24:57.281 [main] Log - AdminDoctorAppointment_Cancel_KNET test is failed.
[INFO ] 2026-01-21 15:26:03.234 [main] Log - AdminDoctorAppointment_FollowUpAppointment test is failed.
[INFO ] 2026-01-21 15:27:09.224 [main] Log - AdminDoctorAppointment_PrescribeMedicine test is failed.
[INFO ] 2026-01-21 15:28:15.158 [main] Log - AdminDoctorAppointment_ConductTest test is failed.
[INFO ] 2026-01-21 15:29:21.108 [main] Log - AdminDoctorAppointment_ConductTest test is failed.
[INFO ] 2026-01-21 15:30:27.136 [main] Log - AdminDoctorAppointment_EHRPermissions test is failed.
[INFO ] 2026-01-21 15:31:33.058 [main] Log - AdminDoctorAppointment_EHRPermissions test is failed.
[INFO ] 2026-01-21 15:32:39.534 [main] Log - AdminDoctorAppointment_REFERRAL_DOCTOR_To_LAB test is failed.
[INFO ] 2026-01-21 15:33:45.956 [main] Log - AdminDoctorAppointment_REFERRAL_DOCTOR_To_LAB test is failed.
[INFO ] 2026-01-21 15:34:52.289 [main] Log - AdminDoctorAppointment_REFERRAL_DOCTOR_To_LAB test is failed.
[INFO ] 2026-01-21 15:35:58.759 [main] Log - AdminDoctorAppointment_REFERRAL_DOCTOR_To_LAB test is failed.
[INFO ] 2026-01-21 15:37:05.047 [main] Log - AdminDoctorAppointment_REFERRAL_SALAMTEK_To_LAB test is failed.
[INFO ] 2026-01-21 15:38:11.389 [main] Log - AdminDoctorAppointment_REFERRAL_SALAMTEK_To_LAB test is failed.
[INFO ] 2026-01-21 15:39:17.762 [main] Log - AdminDoctorAppointment_REFERRAL_DOCTOR_To_PHARMACY test is failed.
[INFO ] 2026-01-21 15:40:24.120 [main] Log - AdminDoctorAppointment_REFERRAL_DOCTOR_To_PHARMACY test is failed.
[INFO ] 2026-01-21 15:41:30.515 [main] Log - AdminDoctorAppointment_REFERRAL_DOCTOR_To_PHARMACY test is failed.
[INFO ] 2026-01-21 15:42:36.853 [main] Log - AdminDoctorAppointment_REFERRAL_DOCTOR_To_PHARMACY test is failed.
[INFO ] 2026-01-21 15:43:43.142 [main] Log - AdminDoctorAppointment_REFERRAL_SALAMTEK_To_PHARMACY test is failed.
[INFO ] 2026-01-21 15:44:49.423 [main] Log - AdminDoctorAppointment_REFERRAL_SALAMTEK_To_PHARMACY test is failed.
[INFO ] 2026-01-21 15:45:55.626 [main] Log - AdminDoctorAppointment_REFERRAL_SALAMTEK_To_DOCTOR test is failed.
[INFO ] 2026-01-21 15:47:01.917 [main] Log - AdminDoctorAppointment_REFERRAL_SALAMTEK_To_DOCTOR test is failed.
[INFO ] 2026-01-21 15:48:07.877 [main] Log - AdminDoctorAppointment_CashReceived test is failed.
[INFO ] 2026-01-21 15:49:34.457 [main] Log - Admin_CreatePromotion_Lab test is succeed.
[INFO ] 2026-01-21 15:51:01.458 [main] Log - Admin_CreatePromotion_Pharmacy test is succeed.
[INFO ] 2026-01-21 15:52:29.235 [main] Log - Admin_CreatePromotion_Pharmacy test is succeed.
[INFO ] 2026-01-21 15:57:33.149 [main] Log - Admin_OrderWithPromotion_Pharmacy test is succeed.
[INFO ] 2026-01-21 15:59:13.439 [main] Log - Admin_OrderWithPromotion_Pharmacy test is failed.
[INFO ] 2026-01-21 16:00:16.465 [main] Log - Admin_OrderWithPromotion_Pharmacy test is failed.
[INFO ] 2026-01-21 16:01:19.534 [main] Log - Admin_OriginalAndDiscountAmount_Lab test is failed.
[INFO ] 2026-01-21 16:02:22.484 [main] Log - Admin_OriginalAndDiscountAmount_Lab test is failed.
[INFO ] 2026-01-21 16:03:25.426 [main] Log - Admin_CreatePromotion_Doctor test is failed.
[INFO ] 2026-01-21 16:04:28.505 [main] Log - Admin_OriginalAndDiscountAmount_Pharmacy test is failed.
[INFO ] 2026-01-21 16:05:51.957 [main] Log - Admin_AddWalletMoney test is succeed.
[INFO ] 2026-01-21 16:11:20.550 [main] Log - Admin_Promo_Cancel_Lab test is succeed.
[INFO ] 2026-01-21 16:14:45.937 [main] Log - Admin_PromoNotApplied_Lab test is succeed.
[INFO ] 2026-01-21 16:20:01.244 [main] Log - Admin_OrderWithPromotion_Brand test is succeed.
[INFO ] 2026-01-21 16:25:07.877 [main] Log - Admin_OriginalAndDiscountAmount_Lab_MultiService test is succeed.
[INFO ] 2026-01-21 16:27:45.507 [main] Log - Admin_CreateVoucher test is succeed.
[INFO ] 2026-01-21 16:29:15.066 [main] Log - Admin_CreatePromotion_Brand test is failed.
[INFO ] 2026-01-21 16:29:16.585 [main] Log - I am in onFinish method Test
